ضع هنا أخطاء GitHub Actions
